// Jest Snapshot v1, https://goo.gl/fbAQLP

exports[`<IconButton /> Render IconButton 1`] = `
<View>
  <View
    accessible={true}
    focusable={false}
    onClick={[Function]}
    onResponderGrant={[Function]}
    onResponderMove={[Function]}
    onResponderRelease={[Function]}
    onResponderTerminate={[Function]}
    onResponderTerminationRequest={[Function]}
    onStartShouldSetResponder={[Function]}
    style={
      Object {
        "alignContent": "center",
        "alignSelf": "center",
        "borderRadius": 50,
        "opacity": 1,
      }
    }
  >
    <View
      style={
        Object {
          "overflow": "hidden",
        }
      }
    >
      <View>
        <View
          style={
            Object {
              "alignItems": "center",
              "backgroundColor": "transparent",
              "justifyContent": "center",
            }
          }
        >
          <Text />
        </View>
      </View>
    </View>
  </View>
</View>
`;
