// Jest Snapshot v1, https://goo.gl/fbAQLP

exports[`<Tweet /> Render Tweet 1`] = `null`;
