// Jest Snapshot v1, https://goo.gl/fbAQLP

exports[`<Notification /> Render Notification 1`] = `
<RNCSafeAreaProvider
  onInsetsChange={[Function]}
  style={
    Array [
      Object {
        "flex": 1,
      },
      undefined,
    ]
  }
>
  <RNSScreenStack
    style={
      Object {
        "flex": 1,
      }
    }
  >
    <RNSScreen
      forwardedRef={[Function]}
      onAppear={[Function]}
      onDisappear={[Function]}
      onDismissed={[Function]}
      onTransitionProgress={[Function]}
      onWillDisappear={[Function]}
      replaceAnimation="push"
      stackPresentation="push"
      style={
        Object {
          "bottom": 0,
          "left": 0,
          "position": "absolute",
          "right": 0,
          "top": 0,
        }
      }
    >
      <RNSScreenStackHeaderConfig
        backButtonInCustomView={false}
        backgroundColor="rgb(255, 255, 255)"
        color="rgb(0, 122, 255)"
        direction="ltr"
        disableBackButtonMenu={false}
        hidden={false}
        hideBackButton={false}
        largeTitleHideShadow={false}
        title="Notification"
        titleColor="rgb(28, 28, 30)"
        topInsetEnabled={false}
        translucent={false}
      >
        <RNSScreenStackHeaderSubview
          style={
            Object {
              "alignItems": "center",
              "flexDirection": "row",
              "justifyContent": "center",
              "position": "absolute",
              "right": 0,
              "top": 0,
            }
          }
          type="left"
        >
          <View
            style={
              Object {
                "width": 60,
              }
            }
          >
            <View
              accessible={true}
              focusable={true}
              onClick={[Function]}
              onResponderGrant={[Function]}
              onResponderMove={[Function]}
              onResponderRelease={[Function]}
              onResponderTerminate={[Function]}
              onResponderTerminationRequest={[Function]}
              onStartShouldSetResponder={[Function]}
              style={
                Object {
                  "alignContent": "center",
                  "alignSelf": "center",
                  "opacity": 1,
                }
              }
            >
              <Image
                source={
                  Object {
                    "uri": "",
                  }
                }
                style={
                  Object {
                    "borderRadius": 50,
                    "height": 30,
                    "width": 30,
                  }
                }
                testID="AvatarImage"
              />
            </View>
          </View>
        </RNSScreenStackHeaderSubview>
        <RNSScreenStackHeaderSubview
          style={
            Object {
              "alignItems": "center",
              "flexDirection": "row",
              "justifyContent": "center",
              "position": "absolute",
              "right": 0,
              "top": 0,
            }
          }
          type="right"
        >
          <View
            style={
              Object {
                "width": 60,
              }
            }
          >
            <View
              accessible={true}
              focusable={true}
              onClick={[Function]}
              onResponderGrant={[Function]}
              onResponderMove={[Function]}
              onResponderRelease={[Function]}
              onResponderTerminate={[Function]}
              onResponderTerminationRequest={[Function]}
              onStartShouldSetResponder={[Function]}
              style={
                Object {
                  "alignContent": "center",
                  "alignSelf": "center",
                  "borderRadius": 50,
                  "opacity": 1,
                }
              }
            >
              <View
                style={
                  Object {
                    "overflow": "hidden",
                  }
                }
              >
                <View>
                  <View
                    style={
                      Object {
                        "alignItems": "center",
                        "backgroundColor": "transparent",
                        "justifyContent": "center",
                      }
                    }
                  >
                    <Text />
                  </View>
                </View>
              </View>
            </View>
          </View>
        </RNSScreenStackHeaderSubview>
      </RNSScreenStackHeaderConfig>
      <View
        style={
          Array [
            Object {
              "flex": 1,
            },
            Object {
              "backgroundColor": "rgb(242, 242, 242)",
            },
            undefined,
          ]
        }
      >
        <RCTSafeAreaView
          emulateUnlessSupported={true}
          style={
            Array [
              Object {
                "backgroundColor": "white",
                "fontSize": 16,
              },
              Object {
                "backgroundColor": "white",
                "flex": 1,
                "width": "100%",
              },
            ]
          }
        >
          <RCTScrollView
            showsHorizontalScrollIndicator={false}
            showsVerticalScrollIndicator={false}
          >
            <View />
          </RCTScrollView>
        </RCTSafeAreaView>
      </View>
    </RNSScreen>
  </RNSScreenStack>
</RNCSafeAreaProvider>
`;
